// Vitest Snapshot v1, https://vitest.dev/guide/snapshot.html

exports[`panorama view-projection characterization (P0 fence) > pins the full (preset × scope × zoom) projection matrix 1`] = `
[
  {
    "base": "cobertura",
    "baseEncoding": "bivariate",
    "bivariateEligible": true,
    "caption": "Cada área es una provincia. Relleno = cobertura antirrábica, estado actual. Meta 80%.",
    "layers": [
      "cobertura",
      "zoonosis",
    ],
    "level": "province",
    "lodBand": "national",
    "paintedAxis": "province",
    "pointsMode": false,
    "preset": "brotes-activos",
    "scope": "national",
    "scrubberEnabled": true,
    "scrubbing": false,
    "temporalLayers": [
      "zoonosis",
    ],
    "zoom": 3,
  },
  {
    "base": "cobertura",
    "baseEncoding": "bivariate",
    "bivariateEligible": true,
    "caption": "Cada área es una provincia. Relleno = cobertura antirrábica, estado actual. Meta 80%.",
    "layers": [
      "cobertura",
      "zoonosis",
    ],
    "level": "province",
    "lodBand": "drilled",
    "paintedAxis": "province",
    "pointsMode": false,
    "preset": "brotes-activos",
    "scope": "national",
    "scrubberEnabled": true,
    "scrubbing": false,
    "temporalLayers": [
      "zoonosis",
    ],
    "zoom": 7,
  },
  {
    "base": "cobertura",
    "baseEncoding": "bivariate",
    "bivariateEligible": true,
    "caption": "Cada área es una provincia. Relleno = cobertura antirrábica, estado actual. Meta 80%.",
    "layers": [
      "cobertura",
      "zoonosis",
    ],
    "level": "province",
    "lodBand": "drilled",
    "paintedAxis": "province",
    "pointsMode": false,
    "preset": "brotes-activos",
    "scope": "national",
    "scrubberEnabled": true,
    "scrubbing": false,
    "temporalLayers": [
      "zoonosis",
    ],
    "zoom": 11,
  },
  {
    "base": "cobertura",
    "baseEncoding": "choropleth-meta",
    "bivariateEligible": false,
    "caption": "Cada área es una división (departamento/partido, o barrio en CABA). Relleno = cobertura antirrábica — conteo por unidad (no porcentaje), estado actual.",
    "layers": [
      "cobertura",
      "zoonosis",
    ],
    "level": "locality",
    "lodBand": "national",
    "paintedAxis": "province",
    "pointsMode": false,
    "preset": "brotes-activos",
    "scope": "province",
    "scrubberEnabled": true,
    "scrubbing": false,
    "temporalLayers": [
      "zoonosis",
    ],
    "zoom": 3,
  },
  {
    "base": "cobertura",
    "baseEncoding": "choropleth-meta",
    "bivariateEligible": false,
    "caption": "Cada área es una división (departamento/partido, o barrio en CABA). Relleno = cobertura antirrábica — conteo por unidad (no porcentaje), estado actual.",
    "layers": [
      "cobertura",
      "zoonosis",
    ],
    "level": "locality",
    "lodBand": "drilled",
    "paintedAxis": "locality",
    "pointsMode": false,
    "preset": "brotes-activos",
    "scope": "province",
    "scrubberEnabled": true,
    "scrubbing": false,
    "temporalLayers": [
      "zoonosis",
    ],
    "zoom": 7,
  },
  {
    "base": "cobertura",
    "baseEncoding": "choropleth-meta",
    "bivariateEligible": false,
    "caption": "Cada área es una división (departamento/partido, o barrio en CABA). Relleno = cobertura antirrábica — conteo por unidad (no porcentaje), estado actual.",
    "layers": [
      "cobertura",
      "zoonosis",
    ],
    "level": "locality",
    "lodBand": "near",
    "paintedAxis": "locality",
    "pointsMode": false,
    "preset": "brotes-activos",
    "scope": "province",
    "scrubberEnabled": true,
    "scrubbing": false,
    "temporalLayers": [
      "zoonosis",
    ],
    "zoom": 11,
  },
  {
    "base": "cobertura",
    "baseEncoding": "choropleth-meta",
    "bivariateEligible": false,
    "caption": "Cada área es una división (departamento/partido, o barrio en CABA). Relleno = cobertura antirrábica — conteo por unidad (no porcentaje), estado actual.",
    "layers": [
      "cobertura",
      "zoonosis",
    ],
    "level": "locality",
    "lodBand": "national",
    "paintedAxis": "province",
    "pointsMode": false,
    "preset": "brotes-activos",
    "scope": "locality",
    "scrubberEnabled": true,
    "scrubbing": false,
    "temporalLayers": [
      "zoonosis",
    ],
    "zoom": 3,
  },
  {
    "base": "cobertura",
    "baseEncoding": "choropleth-meta",
    "bivariateEligible": false,
    "caption": "Cada área es una división (departamento/partido, o barrio en CABA). Relleno = cobertura antirrábica — conteo por unidad (no porcentaje), estado actual.",
    "layers": [
      "cobertura",
      "zoonosis",
    ],
    "level": "locality",
    "lodBand": "drilled",
    "paintedAxis": "locality",
    "pointsMode": false,
    "preset": "brotes-activos",
    "scope": "locality",
    "scrubberEnabled": true,
    "scrubbing": false,
    "temporalLayers": [
      "zoonosis",
    ],
    "zoom": 7,
  },
  {
    "base": "cobertura",
    "baseEncoding": "choropleth-meta",
    "bivariateEligible": false,
    "caption": "Cada área es una división (departamento/partido, o barrio en CABA). Relleno = cobertura antirrábica — conteo por unidad (no porcentaje), estado actual.",
    "layers": [
      "cobertura",
      "zoonosis",
    ],
    "level": "locality",
    "lodBand": "near",
    "paintedAxis": "locality",
    "pointsMode": false,
    "preset": "brotes-activos",
    "scope": "locality",
    "scrubberEnabled": true,
    "scrubbing": false,
    "temporalLayers": [
      "zoonosis",
    ],
    "zoom": 11,
  },
  {
    "base": "sintomas",
    "baseEncoding": "graduated",
    "bivariateEligible": false,
    "caption": "Cada burbuja es una provincia. Tamaño = síntomas reportados, últimos 30 días.",
    "layers": [
      "sintomas",
      "zoonosis",
    ],
    "level": "province",
    "lodBand": "national",
    "paintedAxis": "province",
    "pointsMode": false,
    "preset": "sintomas",
    "scope": "national",
    "scrubberEnabled": true,
    "scrubbing": false,
    "temporalLayers": [
      "sintomas",
      "zoonosis",
    ],
    "zoom": 3,
  },
  {
    "base": "sintomas",
    "baseEncoding": "graduated",
    "bivariateEligible": false,
    "caption": "Cada burbuja es una provincia. Tamaño = síntomas reportados, últimos 30 días.",
    "layers": [
      "sintomas",
      "zoonosis",
    ],
    "level": "province",
    "lodBand": "drilled",
    "paintedAxis": "province",
    "pointsMode": false,
    "preset": "sintomas",
    "scope": "national",
    "scrubberEnabled": true,
    "scrubbing": false,
    "temporalLayers": [
      "sintomas",
      "zoonosis",
    ],
    "zoom": 7,
  },
  {
    "base": "sintomas",
    "baseEncoding": "graduated",
    "bivariateEligible": false,
    "caption": "Cada burbuja es una provincia. Tamaño = síntomas reportados, últimos 30 días.",
    "layers": [
      "sintomas",
      "zoonosis",
    ],
    "level": "province",
    "lodBand": "drilled",
    "paintedAxis": "province",
    "pointsMode": false,
    "preset": "sintomas",
    "scope": "national",
    "scrubberEnabled": true,
    "scrubbing": false,
    "temporalLayers": [
      "sintomas",
      "zoonosis",
    ],
    "zoom": 11,
  },
  {
    "base": "sintomas",
    "baseEncoding": "graduated",
    "bivariateEligible": false,
    "caption": "Cada burbuja es una división (departamento/partido, o barrio en CABA). Tamaño = síntomas reportados, últimos 30 días.",
    "layers": [
      "sintomas",
      "zoonosis",
    ],
    "level": "locality",
    "lodBand": "national",
    "paintedAxis": "province",
    "pointsMode": false,
    "preset": "sintomas",
    "scope": "province",
    "scrubberEnabled": true,
    "scrubbing": false,
    "temporalLayers": [
      "sintomas",
      "zoonosis",
    ],
    "zoom": 3,
  },
  {
    "base": "sintomas",
    "baseEncoding": "graduated",
    "bivariateEligible": false,
    "caption": "Cada burbuja es una división (departamento/partido, o barrio en CABA). Tamaño = síntomas reportados, últimos 30 días.",
    "layers": [
      "sintomas",
      "zoonosis",
    ],
    "level": "locality",
    "lodBand": "drilled",
    "paintedAxis": "locality",
    "pointsMode": false,
    "preset": "sintomas",
    "scope": "province",
    "scrubberEnabled": true,
    "scrubbing": false,
    "temporalLayers": [
      "sintomas",
      "zoonosis",
    ],
    "zoom": 7,
  },
  {
    "base": "sintomas",
    "baseEncoding": "graduated",
    "bivariateEligible": false,
    "caption": "Cada burbuja es una división (departamento/partido, o barrio en CABA). Tamaño = síntomas reportados, últimos 30 días.",
    "layers": [
      "sintomas",
      "zoonosis",
    ],
    "level": "locality",
    "lodBand": "near",
    "paintedAxis": "locality",
    "pointsMode": false,
    "preset": "sintomas",
    "scope": "province",
    "scrubberEnabled": true,
    "scrubbing": false,
    "temporalLayers": [
      "sintomas",
      "zoonosis",
    ],
    "zoom": 11,
  },
  {
    "base": "sintomas",
    "baseEncoding": "graduated",
    "bivariateEligible": false,
    "caption": "Cada burbuja es una división (departamento/partido, o barrio en CABA). Tamaño = síntomas reportados, últimos 30 días.",
    "layers": [
      "sintomas",
      "zoonosis",
    ],
    "level": "locality",
    "lodBand": "national",
    "paintedAxis": "province",
    "pointsMode": false,
    "preset": "sintomas",
    "scope": "locality",
    "scrubberEnabled": true,
    "scrubbing": false,
    "temporalLayers": [
      "sintomas",
      "zoonosis",
    ],
    "zoom": 3,
  },
  {
    "base": "sintomas",
    "baseEncoding": "graduated",
    "bivariateEligible": false,
    "caption": "Cada burbuja es una división (departamento/partido, o barrio en CABA). Tamaño = síntomas reportados, últimos 30 días.",
    "layers": [
      "sintomas",
      "zoonosis",
    ],
    "level": "locality",
    "lodBand": "drilled",
    "paintedAxis": "locality",
    "pointsMode": false,
    "preset": "sintomas",
    "scope": "locality",
    "scrubberEnabled": true,
    "scrubbing": false,
    "temporalLayers": [
      "sintomas",
      "zoonosis",
    ],
    "zoom": 7,
  },
  {
    "base": "sintomas",
    "baseEncoding": "graduated",
    "bivariateEligible": false,
    "caption": "Cada burbuja es una división (departamento/partido, o barrio en CABA). Tamaño = síntomas reportados, últimos 30 días.",
    "layers": [
      "sintomas",
      "zoonosis",
    ],
    "level": "locality",
    "lodBand": "near",
    "paintedAxis": "locality",
    "pointsMode": false,
    "preset": "sintomas",
    "scope": "locality",
    "scrubberEnabled": true,
    "scrubbing": false,
    "temporalLayers": [
      "sintomas",
      "zoonosis",
    ],
    "zoom": 11,
  },
  {
    "base": "cobertura",
    "baseEncoding": "choropleth-meta",
    "bivariateEligible": false,
    "caption": "Cada área es una provincia. Relleno = cobertura antirrábica, estado actual. Meta 80%.",
    "layers": [
      "cobertura",
    ],
    "level": "province",
    "lodBand": "national",
    "paintedAxis": "province",
    "pointsMode": false,
    "preset": "cumplimiento",
    "scope": "national",
    "scrubberEnabled": false,
    "scrubbing": false,
    "temporalLayers": [],
    "zoom": 3,
  },
  {
    "base": "cobertura",
    "baseEncoding": "choropleth-meta",
    "bivariateEligible": false,
    "caption": "Cada área es una provincia. Relleno = cobertura antirrábica, estado actual. Meta 80%.",
    "layers": [
      "cobertura",
    ],
    "level": "province",
    "lodBand": "drilled",
    "paintedAxis": "province",
    "pointsMode": false,
    "preset": "cumplimiento",
    "scope": "national",
    "scrubberEnabled": false,
    "scrubbing": false,
    "temporalLayers": [],
    "zoom": 7,
  },
  {
    "base": "cobertura",
    "baseEncoding": "choropleth-meta",
    "bivariateEligible": false,
    "caption": "Cada área es una provincia. Relleno = cobertura antirrábica, estado actual. Meta 80%.",
    "layers": [
      "cobertura",
    ],
    "level": "province",
    "lodBand": "drilled",
    "paintedAxis": "province",
    "pointsMode": false,
    "preset": "cumplimiento",
    "scope": "national",
    "scrubberEnabled": false,
    "scrubbing": false,
    "temporalLayers": [],
    "zoom": 11,
  },
  {
    "base": "cobertura",
    "baseEncoding": "choropleth-meta",
    "bivariateEligible": false,
    "caption": "Cada área es una división (departamento/partido, o barrio en CABA). Relleno = cobertura antirrábica — conteo por unidad (no porcentaje), estado actual.",
    "layers": [
      "cobertura",
    ],
    "level": "locality",
    "lodBand": "national",
    "paintedAxis": "province",
    "pointsMode": false,
    "preset": "cumplimiento",
    "scope": "province",
    "scrubberEnabled": false,
    "scrubbing": false,
    "temporalLayers": [],
    "zoom": 3,
  },
  {
    "base": "cobertura",
    "baseEncoding": "choropleth-meta",
    "bivariateEligible": false,
    "caption": "Cada área es una división (departamento/partido, o barrio en CABA). Relleno = cobertura antirrábica — conteo por unidad (no porcentaje), estado actual.",
    "layers": [
      "cobertura",
    ],
    "level": "locality",
    "lodBand": "drilled",
    "paintedAxis": "locality",
    "pointsMode": false,
    "preset": "cumplimiento",
    "scope": "province",
    "scrubberEnabled": false,
    "scrubbing": false,
    "temporalLayers": [],
    "zoom": 7,
  },
  {
    "base": "cobertura",
    "baseEncoding": "choropleth-meta",
    "bivariateEligible": false,
    "caption": "Cada área es una división (departamento/partido, o barrio en CABA). Relleno = cobertura antirrábica — conteo por unidad (no porcentaje), estado actual.",
    "layers": [
      "cobertura",
    ],
    "level": "locality",
    "lodBand": "near",
    "paintedAxis": "locality",
    "pointsMode": false,
    "preset": "cumplimiento",
    "scope": "province",
    "scrubberEnabled": false,
    "scrubbing": false,
    "temporalLayers": [],
    "zoom": 11,
  },
  {
    "base": "cobertura",
    "baseEncoding": "choropleth-meta",
    "bivariateEligible": false,
    "caption": "Cada área es una división (departamento/partido, o barrio en CABA). Relleno = cobertura antirrábica — conteo por unidad (no porcentaje), estado actual.",
    "layers": [
      "cobertura",
    ],
    "level": "locality",
    "lodBand": "national",
    "paintedAxis": "province",
    "pointsMode": false,
    "preset": "cumplimiento",
    "scope": "locality",
    "scrubberEnabled": false,
    "scrubbing": false,
    "temporalLayers": [],
    "zoom": 3,
  },
  {
    "base": "cobertura",
    "baseEncoding": "choropleth-meta",
    "bivariateEligible": false,
    "caption": "Cada área es una división (departamento/partido, o barrio en CABA). Relleno = cobertura antirrábica — conteo por unidad (no porcentaje), estado actual.",
    "layers": [
      "cobertura",
    ],
    "level": "locality",
    "lodBand": "drilled",
    "paintedAxis": "locality",
    "pointsMode": false,
    "preset": "cumplimiento",
    "scope": "locality",
    "scrubberEnabled": false,
    "scrubbing": false,
    "temporalLayers": [],
    "zoom": 7,
  },
  {
    "base": "cobertura",
    "baseEncoding": "choropleth-meta",
    "bivariateEligible": false,
    "caption": "Cada área es una división (departamento/partido, o barrio en CABA). Relleno = cobertura antirrábica — conteo por unidad (no porcentaje), estado actual.",
    "layers": [
      "cobertura",
    ],
    "level": "locality",
    "lodBand": "near",
    "paintedAxis": "locality",
    "pointsMode": false,
    "preset": "cumplimiento",
    "scope": "locality",
    "scrubberEnabled": false,
    "scrubbing": false,
    "temporalLayers": [],
    "zoom": 11,
  },
  {
    "base": "denuncias",
    "baseEncoding": "graduated",
    "bivariateEligible": false,
    "caption": "Cada burbuja es una provincia. Tamaño = denuncias de bienestar, últimos 90 días.",
    "layers": [
      "denuncias",
      "decomisos",
    ],
    "level": "province",
    "lodBand": "national",
    "paintedAxis": "province",
    "pointsMode": false,
    "preset": "bienestar",
    "scope": "national",
    "scrubberEnabled": true,
    "scrubbing": false,
    "temporalLayers": [
      "denuncias",
      "decomisos",
    ],
    "zoom": 3,
  },
  {
    "base": "denuncias",
    "baseEncoding": "graduated",
    "bivariateEligible": false,
    "caption": "Cada burbuja es una provincia. Tamaño = denuncias de bienestar, últimos 90 días.",
    "layers": [
      "denuncias",
      "decomisos",
    ],
    "level": "province",
    "lodBand": "drilled",
    "paintedAxis": "province",
    "pointsMode": false,
    "preset": "bienestar",
    "scope": "national",
    "scrubberEnabled": true,
    "scrubbing": false,
    "temporalLayers": [
      "denuncias",
      "decomisos",
    ],
    "zoom": 7,
  },
  {
    "base": "denuncias",
    "baseEncoding": "graduated",
    "bivariateEligible": false,
    "caption": "Cada burbuja es una provincia. Tamaño = denuncias de bienestar, últimos 90 días.",
    "layers": [
      "denuncias",
      "decomisos",
    ],
    "level": "province",
    "lodBand": "drilled",
    "paintedAxis": "province",
    "pointsMode": false,
    "preset": "bienestar",
    "scope": "national",
    "scrubberEnabled": true,
    "scrubbing": false,
    "temporalLayers": [
      "denuncias",
      "decomisos",
    ],
    "zoom": 11,
  },
  {
    "base": "denuncias",
    "baseEncoding": "graduated",
    "bivariateEligible": false,
    "caption": "Cada burbuja es una división (departamento/partido, o barrio en CABA). Tamaño = denuncias de bienestar, últimos 90 días.",
    "layers": [
      "denuncias",
      "decomisos",
    ],
    "level": "locality",
    "lodBand": "national",
    "paintedAxis": "province",
    "pointsMode": false,
    "preset": "bienestar",
    "scope": "province",
    "scrubberEnabled": true,
    "scrubbing": false,
    "temporalLayers": [
      "denuncias",
      "decomisos",
    ],
    "zoom": 3,
  },
  {
    "base": "denuncias",
    "baseEncoding": "graduated",
    "bivariateEligible": false,
    "caption": "Cada burbuja es una división (departamento/partido, o barrio en CABA). Tamaño = denuncias de bienestar, últimos 90 días.",
    "layers": [
      "denuncias",
      "decomisos",
    ],
    "level": "locality",
    "lodBand": "drilled",
    "paintedAxis": "locality",
    "pointsMode": false,
    "preset": "bienestar",
    "scope": "province",
    "scrubberEnabled": true,
    "scrubbing": false,
    "temporalLayers": [
      "denuncias",
      "decomisos",
    ],
    "zoom": 7,
  },
  {
    "base": "denuncias",
    "baseEncoding": "points",
    "bivariateEligible": false,
    "caption": "Cada burbuja es una división (departamento/partido, o barrio en CABA). Tamaño = denuncias de bienestar, últimos 90 días.",
    "layers": [
      "denuncias",
      "decomisos",
    ],
    "level": "locality",
    "lodBand": "near",
    "paintedAxis": "locality",
    "pointsMode": true,
    "preset": "bienestar",
    "scope": "province",
    "scrubberEnabled": true,
    "scrubbing": false,
    "temporalLayers": [
      "denuncias",
      "decomisos",
    ],
    "zoom": 11,
  },
  {
    "base": "denuncias",
    "baseEncoding": "graduated",
    "bivariateEligible": false,
    "caption": "Cada burbuja es una división (departamento/partido, o barrio en CABA). Tamaño = denuncias de bienestar, últimos 90 días.",
    "layers": [
      "denuncias",
      "decomisos",
    ],
    "level": "locality",
    "lodBand": "national",
    "paintedAxis": "province",
    "pointsMode": false,
    "preset": "bienestar",
    "scope": "locality",
    "scrubberEnabled": true,
    "scrubbing": false,
    "temporalLayers": [
      "denuncias",
      "decomisos",
    ],
    "zoom": 3,
  },
  {
    "base": "denuncias",
    "baseEncoding": "graduated",
    "bivariateEligible": false,
    "caption": "Cada burbuja es una división (departamento/partido, o barrio en CABA). Tamaño = denuncias de bienestar, últimos 90 días.",
    "layers": [
      "denuncias",
      "decomisos",
    ],
    "level": "locality",
    "lodBand": "drilled",
    "paintedAxis": "locality",
    "pointsMode": false,
    "preset": "bienestar",
    "scope": "locality",
    "scrubberEnabled": true,
    "scrubbing": false,
    "temporalLayers": [
      "denuncias",
      "decomisos",
    ],
    "zoom": 7,
  },
  {
    "base": "denuncias",
    "baseEncoding": "points",
    "bivariateEligible": false,
    "caption": "Cada burbuja es una división (departamento/partido, o barrio en CABA). Tamaño = denuncias de bienestar, últimos 90 días.",
    "layers": [
      "denuncias",
      "decomisos",
    ],
    "level": "locality",
    "lodBand": "near",
    "paintedAxis": "locality",
    "pointsMode": true,
    "preset": "bienestar",
    "scope": "locality",
    "scrubberEnabled": true,
    "scrubbing": false,
    "temporalLayers": [
      "denuncias",
      "decomisos",
    ],
    "zoom": 11,
  },
  {
    "base": "mortalidad",
    "baseEncoding": "choropleth-seq",
    "bivariateEligible": false,
    "caption": "Cada área es una provincia. Relleno = mortalidad registrada, estado actual.",
    "layers": [
      "mortalidad",
    ],
    "level": "province",
    "lodBand": "national",
    "paintedAxis": "province",
    "pointsMode": false,
    "preset": "mortalidad",
    "scope": "national",
    "scrubberEnabled": false,
    "scrubbing": false,
    "temporalLayers": [],
    "zoom": 3,
  },
  {
    "base": "mortalidad",
    "baseEncoding": "choropleth-seq",
    "bivariateEligible": false,
    "caption": "Cada área es una provincia. Relleno = mortalidad registrada, estado actual.",
    "layers": [
      "mortalidad",
    ],
    "level": "province",
    "lodBand": "drilled",
    "paintedAxis": "province",
    "pointsMode": false,
    "preset": "mortalidad",
    "scope": "national",
    "scrubberEnabled": false,
    "scrubbing": false,
    "temporalLayers": [],
    "zoom": 7,
  },
  {
    "base": "mortalidad",
    "baseEncoding": "choropleth-seq",
    "bivariateEligible": false,
    "caption": "Cada área es una provincia. Relleno = mortalidad registrada, estado actual.",
    "layers": [
      "mortalidad",
    ],
    "level": "province",
    "lodBand": "drilled",
    "paintedAxis": "province",
    "pointsMode": false,
    "preset": "mortalidad",
    "scope": "national",
    "scrubberEnabled": false,
    "scrubbing": false,
    "temporalLayers": [],
    "zoom": 11,
  },
  {
    "base": "mortalidad",
    "baseEncoding": "choropleth-seq",
    "bivariateEligible": false,
    "caption": "Cada burbuja es una división (departamento/partido, o barrio en CABA). Tamaño = mortalidad registrada, estado actual.",
    "layers": [
      "mortalidad",
    ],
    "level": "locality",
    "lodBand": "national",
    "paintedAxis": "province",
    "pointsMode": false,
    "preset": "mortalidad",
    "scope": "province",
    "scrubberEnabled": false,
    "scrubbing": false,
    "temporalLayers": [],
    "zoom": 3,
  },
  {
    "base": "mortalidad",
    "baseEncoding": "choropleth-seq",
    "bivariateEligible": false,
    "caption": "Cada burbuja es una división (departamento/partido, o barrio en CABA). Tamaño = mortalidad registrada, estado actual.",
    "layers": [
      "mortalidad",
    ],
    "level": "locality",
    "lodBand": "drilled",
    "paintedAxis": "locality",
    "pointsMode": false,
    "preset": "mortalidad",
    "scope": "province",
    "scrubberEnabled": false,
    "scrubbing": false,
    "temporalLayers": [],
    "zoom": 7,
  },
  {
    "base": "mortalidad",
    "baseEncoding": "choropleth-seq",
    "bivariateEligible": false,
    "caption": "Cada burbuja es una división (departamento/partido, o barrio en CABA). Tamaño = mortalidad registrada, estado actual.",
    "layers": [
      "mortalidad",
    ],
    "level": "locality",
    "lodBand": "near",
    "paintedAxis": "locality",
    "pointsMode": false,
    "preset": "mortalidad",
    "scope": "province",
    "scrubberEnabled": false,
    "scrubbing": false,
    "temporalLayers": [],
    "zoom": 11,
  },
  {
    "base": "mortalidad",
    "baseEncoding": "choropleth-seq",
    "bivariateEligible": false,
    "caption": "Cada burbuja es una división (departamento/partido, o barrio en CABA). Tamaño = mortalidad registrada, estado actual.",
    "layers": [
      "mortalidad",
    ],
    "level": "locality",
    "lodBand": "national",
    "paintedAxis": "province",
    "pointsMode": false,
    "preset": "mortalidad",
    "scope": "locality",
    "scrubberEnabled": false,
    "scrubbing": false,
    "temporalLayers": [],
    "zoom": 3,
  },
  {
    "base": "mortalidad",
    "baseEncoding": "choropleth-seq",
    "bivariateEligible": false,
    "caption": "Cada burbuja es una división (departamento/partido, o barrio en CABA). Tamaño = mortalidad registrada, estado actual.",
    "layers": [
      "mortalidad",
    ],
    "level": "locality",
    "lodBand": "drilled",
    "paintedAxis": "locality",
    "pointsMode": false,
    "preset": "mortalidad",
    "scope": "locality",
    "scrubberEnabled": false,
    "scrubbing": false,
    "temporalLayers": [],
    "zoom": 7,
  },
  {
    "base": "mortalidad",
    "baseEncoding": "choropleth-seq",
    "bivariateEligible": false,
    "caption": "Cada burbuja es una división (departamento/partido, o barrio en CABA). Tamaño = mortalidad registrada, estado actual.",
    "layers": [
      "mortalidad",
    ],
    "level": "locality",
    "lodBand": "near",
    "paintedAxis": "locality",
    "pointsMode": false,
    "preset": "mortalidad",
    "scope": "locality",
    "scrubberEnabled": false,
    "scrubbing": false,
    "temporalLayers": [],
    "zoom": 11,
  },
  {
    "base": "perdidas",
    "baseEncoding": "graduated",
    "bivariateEligible": false,
    "caption": "Cada burbuja es una provincia. Tamaño = reportes de mascotas perdidas, últimos 90 días.",
    "layers": [
      "perdidas",
      "reunificacion",
    ],
    "level": "province",
    "lodBand": "national",
    "paintedAxis": "province",
    "pointsMode": false,
    "preset": "perdidas-reunificacion",
    "scope": "national",
    "scrubberEnabled": true,
    "scrubbing": false,
    "temporalLayers": [
      "perdidas",
      "reunificacion",
    ],
    "zoom": 3,
  },
  {
    "base": "perdidas",
    "baseEncoding": "graduated",
    "bivariateEligible": false,
    "caption": "Cada burbuja es una provincia. Tamaño = reportes de mascotas perdidas, últimos 90 días.",
    "layers": [
      "perdidas",
      "reunificacion",
    ],
    "level": "province",
    "lodBand": "drilled",
    "paintedAxis": "province",
    "pointsMode": false,
    "preset": "perdidas-reunificacion",
    "scope": "national",
    "scrubberEnabled": true,
    "scrubbing": false,
    "temporalLayers": [
      "perdidas",
      "reunificacion",
    ],
    "zoom": 7,
  },
  {
    "base": "perdidas",
    "baseEncoding": "graduated",
    "bivariateEligible": false,
    "caption": "Cada burbuja es una provincia. Tamaño = reportes de mascotas perdidas, últimos 90 días.",
    "layers": [
      "perdidas",
      "reunificacion",
    ],
    "level": "province",
    "lodBand": "drilled",
    "paintedAxis": "province",
    "pointsMode": false,
    "preset": "perdidas-reunificacion",
    "scope": "national",
    "scrubberEnabled": true,
    "scrubbing": false,
    "temporalLayers": [
      "perdidas",
      "reunificacion",
    ],
    "zoom": 11,
  },
  {
    "base": "perdidas",
    "baseEncoding": "graduated",
    "bivariateEligible": false,
    "caption": "Cada burbuja es una división (departamento/partido, o barrio en CABA). Tamaño = reportes de mascotas perdidas, últimos 90 días.",
    "layers": [
      "perdidas",
      "reunificacion",
    ],
    "level": "locality",
    "lodBand": "national",
    "paintedAxis": "province",
    "pointsMode": false,
    "preset": "perdidas-reunificacion",
    "scope": "province",
    "scrubberEnabled": true,
    "scrubbing": false,
    "temporalLayers": [
      "perdidas",
      "reunificacion",
    ],
    "zoom": 3,
  },
  {
    "base": "perdidas",
    "baseEncoding": "graduated",
    "bivariateEligible": false,
    "caption": "Cada burbuja es una división (departamento/partido, o barrio en CABA). Tamaño = reportes de mascotas perdidas, últimos 90 días.",
    "layers": [
      "perdidas",
      "reunificacion",
    ],
    "level": "locality",
    "lodBand": "drilled",
    "paintedAxis": "locality",
    "pointsMode": false,
    "preset": "perdidas-reunificacion",
    "scope": "province",
    "scrubberEnabled": true,
    "scrubbing": false,
    "temporalLayers": [
      "perdidas",
      "reunificacion",
    ],
    "zoom": 7,
  },
  {
    "base": "perdidas",
    "baseEncoding": "points",
    "bivariateEligible": false,
    "caption": "Cada burbuja es una división (departamento/partido, o barrio en CABA). Tamaño = reportes de mascotas perdidas, últimos 90 días.",
    "layers": [
      "perdidas",
      "reunificacion",
    ],
    "level": "locality",
    "lodBand": "near",
    "paintedAxis": "locality",
    "pointsMode": true,
    "preset": "perdidas-reunificacion",
    "scope": "province",
    "scrubberEnabled": true,
    "scrubbing": false,
    "temporalLayers": [
      "perdidas",
      "reunificacion",
    ],
    "zoom": 11,
  },
  {
    "base": "perdidas",
    "baseEncoding": "graduated",
    "bivariateEligible": false,
    "caption": "Cada burbuja es una división (departamento/partido, o barrio en CABA). Tamaño = reportes de mascotas perdidas, últimos 90 días.",
    "layers": [
      "perdidas",
      "reunificacion",
    ],
    "level": "locality",
    "lodBand": "national",
    "paintedAxis": "province",
    "pointsMode": false,
    "preset": "perdidas-reunificacion",
    "scope": "locality",
    "scrubberEnabled": true,
    "scrubbing": false,
    "temporalLayers": [
      "perdidas",
      "reunificacion",
    ],
    "zoom": 3,
  },
  {
    "base": "perdidas",
    "baseEncoding": "graduated",
    "bivariateEligible": false,
    "caption": "Cada burbuja es una división (departamento/partido, o barrio en CABA). Tamaño = reportes de mascotas perdidas, últimos 90 días.",
    "layers": [
      "perdidas",
      "reunificacion",
    ],
    "level": "locality",
    "lodBand": "drilled",
    "paintedAxis": "locality",
    "pointsMode": false,
    "preset": "perdidas-reunificacion",
    "scope": "locality",
    "scrubberEnabled": true,
    "scrubbing": false,
    "temporalLayers": [
      "perdidas",
      "reunificacion",
    ],
    "zoom": 7,
  },
  {
    "base": "perdidas",
    "baseEncoding": "points",
    "bivariateEligible": false,
    "caption": "Cada burbuja es una división (departamento/partido, o barrio en CABA). Tamaño = reportes de mascotas perdidas, últimos 90 días.",
    "layers": [
      "perdidas",
      "reunificacion",
    ],
    "level": "locality",
    "lodBand": "near",
    "paintedAxis": "locality",
    "pointsMode": true,
    "preset": "perdidas-reunificacion",
    "scope": "locality",
    "scrubberEnabled": true,
    "scrubbing": false,
    "temporalLayers": [
      "perdidas",
      "reunificacion",
    ],
    "zoom": 11,
  },
  {
    "base": "desierto-veterinario",
    "baseEncoding": "choropleth-seq",
    "bivariateEligible": false,
    "caption": "Cada área es una provincia. Relleno = % de mascotas activas sin atención veterinaria registrada, últimos 90 días.",
    "layers": [
      "desierto-veterinario",
      "clinicas",
      "refugios",
    ],
    "level": "province",
    "lodBand": "national",
    "paintedAxis": "province",
    "pointsMode": false,
    "preset": "desierto-veterinario",
    "scope": "national",
    "scrubberEnabled": true,
    "scrubbing": false,
    "temporalLayers": [
      "desierto-veterinario",
    ],
    "zoom": 3,
  },
  {
    "base": "desierto-veterinario",
    "baseEncoding": "choropleth-seq",
    "bivariateEligible": false,
    "caption": "Cada área es una provincia. Relleno = % de mascotas activas sin atención veterinaria registrada, últimos 90 días.",
    "layers": [
      "desierto-veterinario",
      "clinicas",
      "refugios",
    ],
    "level": "province",
    "lodBand": "drilled",
    "paintedAxis": "province",
    "pointsMode": false,
    "preset": "desierto-veterinario",
    "scope": "national",
    "scrubberEnabled": true,
    "scrubbing": false,
    "temporalLayers": [
      "desierto-veterinario",
    ],
    "zoom": 7,
  },
  {
    "base": "desierto-veterinario",
    "baseEncoding": "choropleth-seq",
    "bivariateEligible": false,
    "caption": "Cada área es una provincia. Relleno = % de mascotas activas sin atención veterinaria registrada, últimos 90 días.",
    "layers": [
      "desierto-veterinario",
      "clinicas",
      "refugios",
    ],
    "level": "province",
    "lodBand": "drilled",
    "paintedAxis": "province",
    "pointsMode": false,
    "preset": "desierto-veterinario",
    "scope": "national",
    "scrubberEnabled": true,
    "scrubbing": false,
    "temporalLayers": [
      "desierto-veterinario",
    ],
    "zoom": 11,
  },
  {
    "base": "desierto-veterinario",
    "baseEncoding": "choropleth-seq",
    "bivariateEligible": false,
    "caption": "Cada área es una provincia. Relleno = % de mascotas activas sin atención veterinaria registrada, últimos 90 días.",
    "layers": [
      "desierto-veterinario",
      "clinicas",
      "refugios",
    ],
    "level": "locality",
    "lodBand": "national",
    "paintedAxis": "province",
    "pointsMode": false,
    "preset": "desierto-veterinario",
    "scope": "province",
    "scrubberEnabled": true,
    "scrubbing": false,
    "temporalLayers": [
      "desierto-veterinario",
    ],
    "zoom": 3,
  },
  {
    "base": "desierto-veterinario",
    "baseEncoding": "choropleth-seq",
    "bivariateEligible": false,
    "caption": "Cada área es una provincia. Relleno = % de mascotas activas sin atención veterinaria registrada, últimos 90 días.",
    "layers": [
      "desierto-veterinario",
      "clinicas",
      "refugios",
    ],
    "level": "locality",
    "lodBand": "drilled",
    "paintedAxis": "locality",
    "pointsMode": false,
    "preset": "desierto-veterinario",
    "scope": "province",
    "scrubberEnabled": true,
    "scrubbing": false,
    "temporalLayers": [
      "desierto-veterinario",
    ],
    "zoom": 7,
  },
  {
    "base": "desierto-veterinario",
    "baseEncoding": "choropleth-seq",
    "bivariateEligible": false,
    "caption": "Cada área es una provincia. Relleno = % de mascotas activas sin atención veterinaria registrada, últimos 90 días.",
    "layers": [
      "desierto-veterinario",
      "clinicas",
      "refugios",
    ],
    "level": "locality",
    "lodBand": "near",
    "paintedAxis": "locality",
    "pointsMode": false,
    "preset": "desierto-veterinario",
    "scope": "province",
    "scrubberEnabled": true,
    "scrubbing": false,
    "temporalLayers": [
      "desierto-veterinario",
    ],
    "zoom": 11,
  },
  {
    "base": "desierto-veterinario",
    "baseEncoding": "choropleth-seq",
    "bivariateEligible": false,
    "caption": "Cada área es una provincia. Relleno = % de mascotas activas sin atención veterinaria registrada, últimos 90 días.",
    "layers": [
      "desierto-veterinario",
      "clinicas",
      "refugios",
    ],
    "level": "locality",
    "lodBand": "national",
    "paintedAxis": "province",
    "pointsMode": false,
    "preset": "desierto-veterinario",
    "scope": "locality",
    "scrubberEnabled": true,
    "scrubbing": false,
    "temporalLayers": [
      "desierto-veterinario",
    ],
    "zoom": 3,
  },
  {
    "base": "desierto-veterinario",
    "baseEncoding": "choropleth-seq",
    "bivariateEligible": false,
    "caption": "Cada área es una provincia. Relleno = % de mascotas activas sin atención veterinaria registrada, últimos 90 días.",
    "layers": [
      "desierto-veterinario",
      "clinicas",
      "refugios",
    ],
    "level": "locality",
    "lodBand": "drilled",
    "paintedAxis": "locality",
    "pointsMode": false,
    "preset": "desierto-veterinario",
    "scope": "locality",
    "scrubberEnabled": true,
    "scrubbing": false,
    "temporalLayers": [
      "desierto-veterinario",
    ],
    "zoom": 7,
  },
  {
    "base": "desierto-veterinario",
    "baseEncoding": "choropleth-seq",
    "bivariateEligible": false,
    "caption": "Cada área es una provincia. Relleno = % de mascotas activas sin atención veterinaria registrada, últimos 90 días.",
    "layers": [
      "desierto-veterinario",
      "clinicas",
      "refugios",
    ],
    "level": "locality",
    "lodBand": "near",
    "paintedAxis": "locality",
    "pointsMode": false,
    "preset": "desierto-veterinario",
    "scope": "locality",
    "scrubberEnabled": true,
    "scrubbing": false,
    "temporalLayers": [
      "desierto-veterinario",
    ],
    "zoom": 11,
  },
  {
    "base": "acceso-veterinario",
    "baseEncoding": "choropleth-seq",
    "bivariateEligible": false,
    "caption": "Cada área es una provincia. Relleno = acceso veterinario (actos/1.000), estado actual.",
    "layers": [
      "acceso-veterinario",
      "clinicas",
      "refugios",
    ],
    "level": "province",
    "lodBand": "national",
    "paintedAxis": "province",
    "pointsMode": false,
    "preset": "acceso-veterinario",
    "scope": "national",
    "scrubberEnabled": false,
    "scrubbing": false,
    "temporalLayers": [],
    "zoom": 3,
  },
  {
    "base": "acceso-veterinario",
    "baseEncoding": "choropleth-seq",
    "bivariateEligible": false,
    "caption": "Cada área es una provincia. Relleno = acceso veterinario (actos/1.000), estado actual.",
    "layers": [
      "acceso-veterinario",
      "clinicas",
      "refugios",
    ],
    "level": "province",
    "lodBand": "drilled",
    "paintedAxis": "province",
    "pointsMode": false,
    "preset": "acceso-veterinario",
    "scope": "national",
    "scrubberEnabled": false,
    "scrubbing": false,
    "temporalLayers": [],
    "zoom": 7,
  },
  {
    "base": "acceso-veterinario",
    "baseEncoding": "choropleth-seq",
    "bivariateEligible": false,
    "caption": "Cada área es una provincia. Relleno = acceso veterinario (actos/1.000), estado actual.",
    "layers": [
      "acceso-veterinario",
      "clinicas",
      "refugios",
    ],
    "level": "province",
    "lodBand": "drilled",
    "paintedAxis": "province",
    "pointsMode": false,
    "preset": "acceso-veterinario",
    "scope": "national",
    "scrubberEnabled": false,
    "scrubbing": false,
    "temporalLayers": [],
    "zoom": 11,
  },
  {
    "base": "acceso-veterinario",
    "baseEncoding": "choropleth-seq",
    "bivariateEligible": false,
    "caption": "Cada área es una división (departamento/partido, o barrio en CABA). Relleno = acceso veterinario (actos/1.000), estado actual.",
    "layers": [
      "acceso-veterinario",
      "clinicas",
      "refugios",
    ],
    "level": "locality",
    "lodBand": "national",
    "paintedAxis": "province",
    "pointsMode": false,
    "preset": "acceso-veterinario",
    "scope": "province",
    "scrubberEnabled": false,
    "scrubbing": false,
    "temporalLayers": [],
    "zoom": 3,
  },
  {
    "base": "acceso-veterinario",
    "baseEncoding": "choropleth-seq",
    "bivariateEligible": false,
    "caption": "Cada área es una división (departamento/partido, o barrio en CABA). Relleno = acceso veterinario (actos/1.000), estado actual.",
    "layers": [
      "acceso-veterinario",
      "clinicas",
      "refugios",
    ],
    "level": "locality",
    "lodBand": "drilled",
    "paintedAxis": "locality",
    "pointsMode": false,
    "preset": "acceso-veterinario",
    "scope": "province",
    "scrubberEnabled": false,
    "scrubbing": false,
    "temporalLayers": [],
    "zoom": 7,
  },
  {
    "base": "acceso-veterinario",
    "baseEncoding": "choropleth-seq",
    "bivariateEligible": false,
    "caption": "Cada área es una división (departamento/partido, o barrio en CABA). Relleno = acceso veterinario (actos/1.000), estado actual.",
    "layers": [
      "acceso-veterinario",
      "clinicas",
      "refugios",
    ],
    "level": "locality",
    "lodBand": "near",
    "paintedAxis": "locality",
    "pointsMode": false,
    "preset": "acceso-veterinario",
    "scope": "province",
    "scrubberEnabled": false,
    "scrubbing": false,
    "temporalLayers": [],
    "zoom": 11,
  },
  {
    "base": "acceso-veterinario",
    "baseEncoding": "choropleth-seq",
    "bivariateEligible": false,
    "caption": "Cada área es una división (departamento/partido, o barrio en CABA). Relleno = acceso veterinario (actos/1.000), estado actual.",
    "layers": [
      "acceso-veterinario",
      "clinicas",
      "refugios",
    ],
    "level": "locality",
    "lodBand": "national",
    "paintedAxis": "province",
    "pointsMode": false,
    "preset": "acceso-veterinario",
    "scope": "locality",
    "scrubberEnabled": false,
    "scrubbing": false,
    "temporalLayers": [],
    "zoom": 3,
  },
  {
    "base": "acceso-veterinario",
    "baseEncoding": "choropleth-seq",
    "bivariateEligible": false,
    "caption": "Cada área es una división (departamento/partido, o barrio en CABA). Relleno = acceso veterinario (actos/1.000), estado actual.",
    "layers": [
      "acceso-veterinario",
      "clinicas",
      "refugios",
    ],
    "level": "locality",
    "lodBand": "drilled",
    "paintedAxis": "locality",
    "pointsMode": false,
    "preset": "acceso-veterinario",
    "scope": "locality",
    "scrubberEnabled": false,
    "scrubbing": false,
    "temporalLayers": [],
    "zoom": 7,
  },
  {
    "base": "acceso-veterinario",
    "baseEncoding": "choropleth-seq",
    "bivariateEligible": false,
    "caption": "Cada área es una división (departamento/partido, o barrio en CABA). Relleno = acceso veterinario (actos/1.000), estado actual.",
    "layers": [
      "acceso-veterinario",
      "clinicas",
      "refugios",
    ],
    "level": "locality",
    "lodBand": "near",
    "paintedAxis": "locality",
    "pointsMode": false,
    "preset": "acceso-veterinario",
    "scope": "locality",
    "scrubberEnabled": false,
    "scrubbing": false,
    "temporalLayers": [],
    "zoom": 11,
  },
  {
    "base": "tendencia",
    "baseEncoding": "choropleth-seq",
    "bivariateEligible": false,
    "caption": "Cada área es una provincia. Relleno = variación de eventos registrados vs. el período anterior, últimos 30 días.",
    "layers": [
      "tendencia",
    ],
    "level": "province",
    "lodBand": "national",
    "paintedAxis": "province",
    "pointsMode": false,
    "preset": "tendencia",
    "scope": "national",
    "scrubberEnabled": true,
    "scrubbing": false,
    "temporalLayers": [
      "tendencia",
    ],
    "zoom": 3,
  },
  {
    "base": "tendencia",
    "baseEncoding": "choropleth-seq",
    "bivariateEligible": false,
    "caption": "Cada área es una provincia. Relleno = variación de eventos registrados vs. el período anterior, últimos 30 días.",
    "layers": [
      "tendencia",
    ],
    "level": "province",
    "lodBand": "drilled",
    "paintedAxis": "province",
    "pointsMode": false,
    "preset": "tendencia",
    "scope": "national",
    "scrubberEnabled": true,
    "scrubbing": false,
    "temporalLayers": [
      "tendencia",
    ],
    "zoom": 7,
  },
  {
    "base": "tendencia",
    "baseEncoding": "choropleth-seq",
    "bivariateEligible": false,
    "caption": "Cada área es una provincia. Relleno = variación de eventos registrados vs. el período anterior, últimos 30 días.",
    "layers": [
      "tendencia",
    ],
    "level": "province",
    "lodBand": "drilled",
    "paintedAxis": "province",
    "pointsMode": false,
    "preset": "tendencia",
    "scope": "national",
    "scrubberEnabled": true,
    "scrubbing": false,
    "temporalLayers": [
      "tendencia",
    ],
    "zoom": 11,
  },
  {
    "base": "tendencia",
    "baseEncoding": "choropleth-seq",
    "bivariateEligible": false,
    "caption": "Cada área es una provincia. Relleno = variación de eventos registrados vs. el período anterior, últimos 30 días.",
    "layers": [
      "tendencia",
    ],
    "level": "locality",
    "lodBand": "national",
    "paintedAxis": "province",
    "pointsMode": false,
    "preset": "tendencia",
    "scope": "province",
    "scrubberEnabled": true,
    "scrubbing": false,
    "temporalLayers": [
      "tendencia",
    ],
    "zoom": 3,
  },
  {
    "base": "tendencia",
    "baseEncoding": "choropleth-seq",
    "bivariateEligible": false,
    "caption": "Cada área es una provincia. Relleno = variación de eventos registrados vs. el período anterior, últimos 30 días.",
    "layers": [
      "tendencia",
    ],
    "level": "locality",
    "lodBand": "drilled",
    "paintedAxis": "locality",
    "pointsMode": false,
    "preset": "tendencia",
    "scope": "province",
    "scrubberEnabled": true,
    "scrubbing": false,
    "temporalLayers": [
      "tendencia",
    ],
    "zoom": 7,
  },
  {
    "base": "tendencia",
    "baseEncoding": "choropleth-seq",
    "bivariateEligible": false,
    "caption": "Cada área es una provincia. Relleno = variación de eventos registrados vs. el período anterior, últimos 30 días.",
    "layers": [
      "tendencia",
    ],
    "level": "locality",
    "lodBand": "near",
    "paintedAxis": "locality",
    "pointsMode": false,
    "preset": "tendencia",
    "scope": "province",
    "scrubberEnabled": true,
    "scrubbing": false,
    "temporalLayers": [
      "tendencia",
    ],
    "zoom": 11,
  },
  {
    "base": "tendencia",
    "baseEncoding": "choropleth-seq",
    "bivariateEligible": false,
    "caption": "Cada área es una provincia. Relleno = variación de eventos registrados vs. el período anterior, últimos 30 días.",
    "layers": [
      "tendencia",
    ],
    "level": "locality",
    "lodBand": "national",
    "paintedAxis": "province",
    "pointsMode": false,
    "preset": "tendencia",
    "scope": "locality",
    "scrubberEnabled": true,
    "scrubbing": false,
    "temporalLayers": [
      "tendencia",
    ],
    "zoom": 3,
  },
  {
    "base": "tendencia",
    "baseEncoding": "choropleth-seq",
    "bivariateEligible": false,
    "caption": "Cada área es una provincia. Relleno = variación de eventos registrados vs. el período anterior, últimos 30 días.",
    "layers": [
      "tendencia",
    ],
    "level": "locality",
    "lodBand": "drilled",
    "paintedAxis": "locality",
    "pointsMode": false,
    "preset": "tendencia",
    "scope": "locality",
    "scrubberEnabled": true,
    "scrubbing": false,
    "temporalLayers": [
      "tendencia",
    ],
    "zoom": 7,
  },
  {
    "base": "tendencia",
    "baseEncoding": "choropleth-seq",
    "bivariateEligible": false,
    "caption": "Cada área es una provincia. Relleno = variación de eventos registrados vs. el período anterior, últimos 30 días.",
    "layers": [
      "tendencia",
    ],
    "level": "locality",
    "lodBand": "near",
    "paintedAxis": "locality",
    "pointsMode": false,
    "preset": "tendencia",
    "scope": "locality",
    "scrubberEnabled": true,
    "scrubbing": false,
    "temporalLayers": [
      "tendencia",
    ],
    "zoom": 11,
  },
  {
    "base": "ppp",
    "baseEncoding": "choropleth-meta",
    "bivariateEligible": false,
    "caption": "Cada área es una provincia. Relleno = registro PPP, estado actual. Meta 80%.",
    "layers": [
      "ppp",
      "mordeduras",
    ],
    "level": "province",
    "lodBand": "national",
    "paintedAxis": "province",
    "pointsMode": false,
    "preset": "cruce-mordeduras-ppp",
    "scope": "national",
    "scrubberEnabled": true,
    "scrubbing": false,
    "temporalLayers": [
      "mordeduras",
    ],
    "zoom": 3,
  },
  {
    "base": "ppp",
    "baseEncoding": "choropleth-meta",
    "bivariateEligible": false,
    "caption": "Cada área es una provincia. Relleno = registro PPP, estado actual. Meta 80%.",
    "layers": [
      "ppp",
      "mordeduras",
    ],
    "level": "province",
    "lodBand": "drilled",
    "paintedAxis": "province",
    "pointsMode": false,
    "preset": "cruce-mordeduras-ppp",
    "scope": "national",
    "scrubberEnabled": true,
    "scrubbing": false,
    "temporalLayers": [
      "mordeduras",
    ],
    "zoom": 7,
  },
  {
    "base": "ppp",
    "baseEncoding": "choropleth-meta",
    "bivariateEligible": false,
    "caption": "Cada área es una provincia. Relleno = registro PPP, estado actual. Meta 80%.",
    "layers": [
      "ppp",
      "mordeduras",
    ],
    "level": "province",
    "lodBand": "drilled",
    "paintedAxis": "province",
    "pointsMode": false,
    "preset": "cruce-mordeduras-ppp",
    "scope": "national",
    "scrubberEnabled": true,
    "scrubbing": false,
    "temporalLayers": [
      "mordeduras",
    ],
    "zoom": 11,
  },
  {
    "base": "ppp",
    "baseEncoding": "choropleth-meta",
    "bivariateEligible": false,
    "caption": "Cada área es una división (departamento/partido, o barrio en CABA). Relleno = registro PPP — conteo por unidad (no porcentaje), estado actual.",
    "layers": [
      "ppp",
      "mordeduras",
    ],
    "level": "locality",
    "lodBand": "national",
    "paintedAxis": "province",
    "pointsMode": false,
    "preset": "cruce-mordeduras-ppp",
    "scope": "province",
    "scrubberEnabled": true,
    "scrubbing": false,
    "temporalLayers": [
      "mordeduras",
    ],
    "zoom": 3,
  },
  {
    "base": "ppp",
    "baseEncoding": "choropleth-meta",
    "bivariateEligible": false,
    "caption": "Cada área es una división (departamento/partido, o barrio en CABA). Relleno = registro PPP — conteo por unidad (no porcentaje), estado actual.",
    "layers": [
      "ppp",
      "mordeduras",
    ],
    "level": "locality",
    "lodBand": "drilled",
    "paintedAxis": "locality",
    "pointsMode": false,
    "preset": "cruce-mordeduras-ppp",
    "scope": "province",
    "scrubberEnabled": true,
    "scrubbing": false,
    "temporalLayers": [
      "mordeduras",
    ],
    "zoom": 7,
  },
  {
    "base": "ppp",
    "baseEncoding": "choropleth-meta",
    "bivariateEligible": false,
    "caption": "Cada área es una división (departamento/partido, o barrio en CABA). Relleno = registro PPP — conteo por unidad (no porcentaje), estado actual.",
    "layers": [
      "ppp",
      "mordeduras",
    ],
    "level": "locality",
    "lodBand": "near",
    "paintedAxis": "locality",
    "pointsMode": true,
    "preset": "cruce-mordeduras-ppp",
    "scope": "province",
    "scrubberEnabled": true,
    "scrubbing": false,
    "temporalLayers": [
      "mordeduras",
    ],
    "zoom": 11,
  },
  {
    "base": "ppp",
    "baseEncoding": "choropleth-meta",
    "bivariateEligible": false,
    "caption": "Cada área es una división (departamento/partido, o barrio en CABA). Relleno = registro PPP — conteo por unidad (no porcentaje), estado actual.",
    "layers": [
      "ppp",
      "mordeduras",
    ],
    "level": "locality",
    "lodBand": "national",
    "paintedAxis": "province",
    "pointsMode": false,
    "preset": "cruce-mordeduras-ppp",
    "scope": "locality",
    "scrubberEnabled": true,
    "scrubbing": false,
    "temporalLayers": [
      "mordeduras",
    ],
    "zoom": 3,
  },
  {
    "base": "ppp",
    "baseEncoding": "choropleth-meta",
    "bivariateEligible": false,
    "caption": "Cada área es una división (departamento/partido, o barrio en CABA). Relleno = registro PPP — conteo por unidad (no porcentaje), estado actual.",
    "layers": [
      "ppp",
      "mordeduras",
    ],
    "level": "locality",
    "lodBand": "drilled",
    "paintedAxis": "locality",
    "pointsMode": false,
    "preset": "cruce-mordeduras-ppp",
    "scope": "locality",
    "scrubberEnabled": true,
    "scrubbing": false,
    "temporalLayers": [
      "mordeduras",
    ],
    "zoom": 7,
  },
  {
    "base": "ppp",
    "baseEncoding": "choropleth-meta",
    "bivariateEligible": false,
    "caption": "Cada área es una división (departamento/partido, o barrio en CABA). Relleno = registro PPP — conteo por unidad (no porcentaje), estado actual.",
    "layers": [
      "ppp",
      "mordeduras",
    ],
    "level": "locality",
    "lodBand": "near",
    "paintedAxis": "locality",
    "pointsMode": true,
    "preset": "cruce-mordeduras-ppp",
    "scope": "locality",
    "scrubberEnabled": true,
    "scrubbing": false,
    "temporalLayers": [
      "mordeduras",
    ],
    "zoom": 11,
  },
  {
    "base": "indice-territorial",
    "baseEncoding": "choropleth-meta",
    "bivariateEligible": false,
    "caption": "Cada área es una provincia. Relleno = índice territorial (0-100), estado actual. Meta 100%.",
    "layers": [
      "indice-territorial",
    ],
    "level": "province",
    "lodBand": "national",
    "paintedAxis": "province",
    "pointsMode": false,
    "preset": "indice-territorial",
    "scope": "national",
    "scrubberEnabled": false,
    "scrubbing": false,
    "temporalLayers": [],
    "zoom": 3,
  },
  {
    "base": "indice-territorial",
    "baseEncoding": "choropleth-meta",
    "bivariateEligible": false,
    "caption": "Cada área es una provincia. Relleno = índice territorial (0-100), estado actual. Meta 100%.",
    "layers": [
      "indice-territorial",
    ],
    "level": "province",
    "lodBand": "drilled",
    "paintedAxis": "province",
    "pointsMode": false,
    "preset": "indice-territorial",
    "scope": "national",
    "scrubberEnabled": false,
    "scrubbing": false,
    "temporalLayers": [],
    "zoom": 7,
  },
  {
    "base": "indice-territorial",
    "baseEncoding": "choropleth-meta",
    "bivariateEligible": false,
    "caption": "Cada área es una provincia. Relleno = índice territorial (0-100), estado actual. Meta 100%.",
    "layers": [
      "indice-territorial",
    ],
    "level": "province",
    "lodBand": "drilled",
    "paintedAxis": "province",
    "pointsMode": false,
    "preset": "indice-territorial",
    "scope": "national",
    "scrubberEnabled": false,
    "scrubbing": false,
    "temporalLayers": [],
    "zoom": 11,
  },
  {
    "base": "indice-territorial",
    "baseEncoding": "choropleth-meta",
    "bivariateEligible": false,
    "caption": "Cada área es una provincia. Relleno = índice territorial (0-100), estado actual. Meta 100%.",
    "layers": [
      "indice-territorial",
    ],
    "level": "locality",
    "lodBand": "national",
    "paintedAxis": "province",
    "pointsMode": false,
    "preset": "indice-territorial",
    "scope": "province",
    "scrubberEnabled": false,
    "scrubbing": false,
    "temporalLayers": [],
    "zoom": 3,
  },
  {
    "base": "indice-territorial",
    "baseEncoding": "choropleth-meta",
    "bivariateEligible": false,
    "caption": "Cada área es una provincia. Relleno = índice territorial (0-100), estado actual. Meta 100%.",
    "layers": [
      "indice-territorial",
    ],
    "level": "locality",
    "lodBand": "drilled",
    "paintedAxis": "locality",
    "pointsMode": false,
    "preset": "indice-territorial",
    "scope": "province",
    "scrubberEnabled": false,
    "scrubbing": false,
    "temporalLayers": [],
    "zoom": 7,
  },
  {
    "base": "indice-territorial",
    "baseEncoding": "choropleth-meta",
    "bivariateEligible": false,
    "caption": "Cada área es una provincia. Relleno = índice territorial (0-100), estado actual. Meta 100%.",
    "layers": [
      "indice-territorial",
    ],
    "level": "locality",
    "lodBand": "near",
    "paintedAxis": "locality",
    "pointsMode": false,
    "preset": "indice-territorial",
    "scope": "province",
    "scrubberEnabled": false,
    "scrubbing": false,
    "temporalLayers": [],
    "zoom": 11,
  },
  {
    "base": "indice-territorial",
    "baseEncoding": "choropleth-meta",
    "bivariateEligible": false,
    "caption": "Cada área es una provincia. Relleno = índice territorial (0-100), estado actual. Meta 100%.",
    "layers": [
      "indice-territorial",
    ],
    "level": "locality",
    "lodBand": "national",
    "paintedAxis": "province",
    "pointsMode": false,
    "preset": "indice-territorial",
    "scope": "locality",
    "scrubberEnabled": false,
    "scrubbing": false,
    "temporalLayers": [],
    "zoom": 3,
  },
  {
    "base": "indice-territorial",
    "baseEncoding": "choropleth-meta",
    "bivariateEligible": false,
    "caption": "Cada área es una provincia. Relleno = índice territorial (0-100), estado actual. Meta 100%.",
    "layers": [
      "indice-territorial",
    ],
    "level": "locality",
    "lodBand": "drilled",
    "paintedAxis": "locality",
    "pointsMode": false,
    "preset": "indice-territorial",
    "scope": "locality",
    "scrubberEnabled": false,
    "scrubbing": false,
    "temporalLayers": [],
    "zoom": 7,
  },
  {
    "base": "indice-territorial",
    "baseEncoding": "choropleth-meta",
    "bivariateEligible": false,
    "caption": "Cada área es una provincia. Relleno = índice territorial (0-100), estado actual. Meta 100%.",
    "layers": [
      "indice-territorial",
    ],
    "level": "locality",
    "lodBand": "near",
    "paintedAxis": "locality",
    "pointsMode": false,
    "preset": "indice-territorial",
    "scope": "locality",
    "scrubberEnabled": false,
    "scrubbing": false,
    "temporalLayers": [],
    "zoom": 11,
  },
]
`;
